


78K0R Linker W1.70                            Date: 5 Jun 2021 Page:   1

Command:   -yC:\Program Files (x86)\Renesas Electronics\CubeSuite+\Devic
           e\RL78\Devicefile -_msgoff -d..\RSKRL78L13\ADC_Repeat\cg_src\
           r_lk.dr -oDebug\ADC_Repeat.lmf -gi00000000000000000000h -go85
           h,1FE00h,512 -gb0EFFFF0H -mi0 -s -pDebug\ADC_Repeat.map C:\Pr
           ogram Files (x86)\Renesas Electronics\CubeSuite+\CA78K0R\V1.6
           0\lib78k0r\s0rll.rel Debug\lcd_panel.rel Debug\r_cg_adc.rel D
           ebug\r_cg_adc_user.rel Debug\r_cg_cgc.rel Debug\r_cg_cgc_user
           .rel Debug\r_cg_intp.rel Debug\r_cg_intp_user.rel Debug\r_cg_
           lcd.rel Debug\r_cg_lcd_user.rel Debug\r_cg_main.rel Debug\r_c
           g_port.rel Debug\r_cg_port_user.rel Debug\r_cg_systeminit.rel
            Debug\r_cg_tau.rel Debug\r_cg_tau_user.rel Debug\switch.rel 
           -bcl0ram.lib -bcl0rm.lib -bcl0rmf.lib -iC:\Program Files (x86
           )\Renesas Electronics\CubeSuite+\CA78K0R\V1.60\lib78k0r
Para-file:
Out-file:  Debug\ADC_Repeat.lmf
Map-file:  Debug\ADC_Repeat.map
Direc-file:..\RSKRL78L13\ADC_Repeat\cg_src\r_lk.dr
Directive: ;/***********************************************************
           ************************************************************
           ;* DISCLAIMER
           ;* This software is supplied by Renesas Electronics Corporati
           on and is only 
           ;* intended for use with Renesas products. No other uses are 
           authorized. This 
           ;* software is owned by Renesas Electronics Corporation and i
           s protected under 
           ;* all applicable laws, including copyright laws.
           ;* THIS SOFTWARE IS PROVIDED "AS IS" AND RENESAS MAKES NO WAR
           RANTIES REGARDING 
           ;* THIS SOFTWARE, WHETHER EXPRESS, IMPLIED OR STATUTORY, INCL
           UDING BUT NOT 
           ;* LIMITED TO WARRANTIES OF MERCHANTABILITY, FITNESS FOR A PA
           RTICULAR PURPOSE 
           ;* AND NON-INFRINGEMENT.  ALL SUCH WARRANTIES ARE EXPRESSLY D
           ISCLAIMED.
           ;* TO THE MAXIMUM EXTENT PERMITTED NOT PROHIBITED BY LAW, NEI
           THER RENESAS 
           ;* ELECTRONICS CORPORATION NOR ANY OF ITS AFFILIATED COMPANIE
           S SHALL BE LIABLE 
           ;* FOR ANY DIRECT, INDIRECT, SPECIAL, INCIDENTAL OR CONSEQUEN
           TIAL DAMAGES FOR 
           ;* ANY REASON RELATED TO THIS SOFTWARE, EVEN IF RENESAS OR IT
           S AFFILIATES HAVE 
           ;* BEEN ADVISED OF THE POSSIBILITY OF SUCH DAMAGES.
           ;* Renesas reserves the right, without notice, to make change
           s to this software 
           ;* and to discontinue the availability of this software.  By 
           using this software, 
           ;* you agree to the additional terms and conditions found by 
           accessing the 
           ;* following link:
           ;* http://www.renesas.com/disclaimer
           ;*
           ;* Copyright (C) 2013 Renesas Electronics Corporation. All ri
           ghts reserved.
           ;************************************************************
           ***********************************************************/
           
           ;/***********************************************************
           ************************************************************
           ;* File Name    : r_lk.dr
           ;* Version      : Applilet4 for RL78/L13 V1.00.00.02 [10 May 
           2013]
           ;* Device(s)    : R5F10WMG
           ;* Tool-Chain   : CA78K0R
           ;* Description  : This is the link file.
           ;* Creation Date: 05-Jun-21
           ;************************************************************
           ***********************************************************/
           ; [Sample of Link Directive File]
           ; ***********************************************************
           **
           ; Link Directive File is created by users when memory or segm
           ent
           ; location needs to be changed from the default as the follow
           ing
           ; cases, for instance:
           ;    1. In case the stack area should be in fixed area
           ;    2. In case the external memory should be used
           ;
           ; Please change the start address, the size of memory, 
           ; and the name of memory or segment according to your system,
           
           ; and link this file with -D linker option if necessary.
           ;
           ;   MEMORY directive : Declares an address in installed memor
           y.
           ;                      Devides memory into two or more areas 
           and
           ;                      specifies a memory area
           ;   MERGE directive  : Specifies location of a segment
           ; ***********************************************************
           **
           
           ; <Example on how to specify the stack area>
           ;  Please specify the linker option -SSTK.
           ;  The stack area should be in the internal RAM area.
           ;
           ;      START ADDRESS, STACK SIZE
           ;memory STK : ( 0FB000H, 100H )
           ; <Example of locating data in external memory>
           ; The section name output by C compiler can be changed with
           ; #pragma section function.
           ;
           ; If the name of ROMization-related section which has global
           ; variables with initial values is changed, the modification 
           of
           ; C start-up routine will be required. 
           ; Please refer the CC78K0R C Compiler Language User's Manual 
           
           ; Language Chap.11 in detail.
           ;
           ; ex. This is the example of renaming the @@DATAL segment.
           ;   #pragma section @@DATAL EXTDATA
           ;
           ;   By the following directives, "EXTDATA" segment is located
            in EXMEM area.
           ;
           ;        START ADDRESS, MEMORY SIZE
           ;memory EXMEM : ( 040000H, 1000H )
           ;merge  EXTDATA := EXMEM


*** Link information ***

    46 output segment(s)
 1B35H byte(s) real data
  1634 symbol(s) defined


*** Memory map ***


  SPACE=REGULAR

  MEMORY=ROM
  BASE ADDRESS=00000H   SIZE=10000H
         OUTPUT   INPUT    INPUT      BASE      SIZE
         SEGMENT  SEGMENT  MODULE     ADDRESS
         @@VECT00                     00000H    00002H  CSEG AT
                  @@VECT00 @cstart    00000H    00002H
         @@CNSTL                      00002H    00000H  CSEG PAGE64KP
                  @@CNSTL  @cstart    00002H    00000H
         @@CNSTL                      00002H    00000H  CSEG PAGE64KP
                  @@CNSTL  lcd_panel
                                      00002H    00000H
         @@CNSTL                      00002H    00000H  CSEG PAGE64KP
                  @@CNSTL  r_cg_adc   00002H    00000H
         @@CNSTL                      00002H    00000H  CSEG PAGE64KP
                  @@CNSTL  r_cg_adc_user
                                      00002H    00000H
         @@CNSTL                      00002H    00000H  CSEG PAGE64KP
                  @@CNSTL  r_cg_cgc   00002H    00000H
         @@CNSTL                      00002H    00000H  CSEG PAGE64KP
                  @@CNSTL  r_cg_cgc_user
                                      00002H    00000H
         @@CNSTL                      00002H    00000H  CSEG PAGE64KP
                  @@CNSTL  r_cg_intp
                                      00002H    00000H
         @@CNSTL                      00002H    00000H  CSEG PAGE64KP
                  @@CNSTL  r_cg_intp_user
                                      00002H    00000H
         @@CNSTL                      00002H    00000H  CSEG PAGE64KP
                  @@CNSTL  r_cg_lcd   00002H    00000H
         @@CNSTL                      00002H    00000H  CSEG PAGE64KP
                  @@CNSTL  r_cg_lcd_user
                                      00002H    00000H
         @@CNSTL                      00002H    00000H  CSEG PAGE64KP
                  @@CNSTL  r_cg_main
                                      00002H    00000H
         @@CNSTL                      00002H    00000H  CSEG PAGE64KP
                  @@CNSTL  r_cg_port
                                      00002H    00000H
         @@CNSTL                      00002H    00000H  CSEG PAGE64KP
                  @@CNSTL  r_cg_port_user
                                      00002H    00000H
         @@CNSTL                      00002H    00000H  CSEG PAGE64KP
                  @@CNSTL  r_cg_systeminit
                                      00002H    00000H
         @@CNSTL                      00002H    00000H  CSEG PAGE64KP
                  @@CNSTL  r_cg_tau   00002H    00000H
         @@CNSTL                      00002H    00000H  CSEG PAGE64KP
                  @@CNSTL  r_cg_tau_user
                                      00002H    00000H
         @@CNSTL                      00002H    00000H  CSEG PAGE64KP
                  @@CNSTL  switch     00002H    00000H
         @@RLINIT                     00002H    00000H  CSEG UNIT64KP
                  @@RLINIT @cstart    00002H    00000H
                  @@RLINIT lcd_panel
                                      00002H    00000H
                  @@RLINIT r_cg_adc   00002H    00000H
                  @@RLINIT r_cg_adc_user
                                      00002H    00000H
                  @@RLINIT r_cg_cgc   00002H    00000H
                  @@RLINIT r_cg_cgc_user
                                      00002H    00000H
                  @@RLINIT r_cg_intp
                                      00002H    00000H
                  @@RLINIT r_cg_intp_user
                                      00002H    00000H
                  @@RLINIT r_cg_lcd   00002H    00000H
                  @@RLINIT r_cg_lcd_user
                                      00002H    00000H
                  @@RLINIT r_cg_main
                                      00002H    00000H
                  @@RLINIT r_cg_port
                                      00002H    00000H
                  @@RLINIT r_cg_port_user
                                      00002H    00000H
                  @@RLINIT r_cg_systeminit
                                      00002H    00000H
                  @@RLINIT r_cg_tau   00002H    00000H
                  @@RLINIT r_cg_tau_user
                                      00002H    00000H
                  @@RLINIT switch     00002H    00000H
                  @@RLINIT @rom       00002H    00000H
         @@R_INIS                     00002H    00000H  CSEG UNIT64KP
                  @@R_INIS @cstart    00002H    00000H
                  @@R_INIS lcd_panel
                                      00002H    00000H
                  @@R_INIS r_cg_adc   00002H    00000H
                  @@R_INIS r_cg_adc_user
                                      00002H    00000H
                  @@R_INIS r_cg_cgc   00002H    00000H
                  @@R_INIS r_cg_cgc_user
                                      00002H    00000H
                  @@R_INIS r_cg_intp
                                      00002H    00000H
                  @@R_INIS r_cg_intp_user
                                      00002H    00000H
                  @@R_INIS r_cg_lcd   00002H    00000H
                  @@R_INIS r_cg_lcd_user
                                      00002H    00000H
                  @@R_INIS r_cg_main
                                      00002H    00000H
                  @@R_INIS r_cg_port
                                      00002H    00000H
                  @@R_INIS r_cg_port_user
                                      00002H    00000H
                  @@R_INIS r_cg_systeminit
                                      00002H    00000H
                  @@R_INIS r_cg_tau   00002H    00000H
                  @@R_INIS r_cg_tau_user
                                      00002H    00000H
                  @@R_INIS switch     00002H    00000H
                  @@R_INIS @rom       00002H    00000H
         @@CALT                       00002H    00000H  CSEG
                  @@CALT   @cstart    00002H    00000H
                  @@CALT   lcd_panel
                                      00002H    00000H
                  @@CALT   r_cg_adc   00002H    00000H
                  @@CALT   r_cg_adc_user
                                      00002H    00000H
                  @@CALT   r_cg_cgc   00002H    00000H
                  @@CALT   r_cg_cgc_user
                                      00002H    00000H
                  @@CALT   r_cg_intp
                                      00002H    00000H
                  @@CALT   r_cg_intp_user
                                      00002H    00000H
                  @@CALT   r_cg_lcd   00002H    00000H
                  @@CALT   r_cg_lcd_user
                                      00002H    00000H
                  @@CALT   r_cg_main
                                      00002H    00000H
                  @@CALT   r_cg_port
                                      00002H    00000H
                  @@CALT   r_cg_port_user
                                      00002H    00000H
                  @@CALT   r_cg_systeminit
                                      00002H    00000H
                  @@CALT   r_cg_tau   00002H    00000H
                  @@CALT   r_cg_tau_user
                                      00002H    00000H
                  @@CALT   switch     00002H    00000H
         ??NMIROM                     00002H    00002H  CSEG
* gap *                               00004H    00004H
         @@VECT08                     00008H    00002H  CSEG AT
                  @@VECT08 r_cg_intp_user
                                      00008H    00002H
         @@R_INIT                     0000AH    0000EH  CSEG UNIT64KP
                  @@R_INIT @cstart    0000AH    00000H
                  @@R_INIT lcd_panel
                                      0000AH    00000H
                  @@R_INIT r_cg_adc   0000AH    00000H
                  @@R_INIT r_cg_adc_user
                                      0000AH    00000H
                  @@R_INIT r_cg_cgc   0000AH    00000H
                  @@R_INIT r_cg_cgc_user
                                      0000AH    00000H
                  @@R_INIT r_cg_intp
                                      0000AH    00000H
                  @@R_INIT r_cg_intp_user
                                      0000AH    00000H
                  @@R_INIT r_cg_lcd   0000AH    00000H
                  @@R_INIT r_cg_lcd_user
                                      0000AH    00000H
                  @@R_INIT r_cg_main
                                      0000AH    00000H
                  @@R_INIT r_cg_port
                                      0000AH    00000H
                  @@R_INIT r_cg_port_user
                                      0000AH    00000H
                  @@R_INIT r_cg_systeminit
                                      0000AH    00000H
                  @@R_INIT r_cg_tau   0000AH    00000H
                  @@R_INIT r_cg_tau_user
                                      0000AH    00002H
                  @@R_INIT switch     0000CH    0000CH
                  @@R_INIT @rom       00018H    00000H
* gap *                               00018H    00008H
         @@VECT20                     00020H    00002H  CSEG AT
                  @@VECT20 r_cg_tau_user
                                      00020H    00002H
* gap *                               00022H    00010H
         @@VECT32                     00032H    00006H  CSEG AT
                  @@VECT32 r_cg_tau_user
                                      00032H    00006H
         @@VECT38                     00038H    00002H  CSEG AT
                  @@VECT38 r_cg_adc_user
                                      00038H    00002H
* gap *                               0003AH    00012H
         @@VECT4C                     0004CH    00002H  CSEG AT
                  @@VECT4C r_cg_intp_user
                                      0004CH    00002H
* gap *                               0004EH    00072H
         ?CSEGOB0                     000C0H    00004H  CSEG OPT_BYTE
         @@CODE                       000C4H    00000H  CSEG BASE
                  @@CODE   lcd_panel
                                      000C4H    00000H
                  @@CODE   r_cg_adc   000C4H    00000H
                  @@CODE   r_cg_adc_user
                                      000C4H    00000H
                  @@CODE   r_cg_cgc   000C4H    00000H
                  @@CODE   r_cg_cgc_user
                                      000C4H    00000H
                  @@CODE   r_cg_intp
                                      000C4H    00000H
                  @@CODE   r_cg_intp_user
                                      000C4H    00000H
                  @@CODE   r_cg_lcd   000C4H    00000H
                  @@CODE   r_cg_lcd_user
                                      000C4H    00000H
                  @@CODE   r_cg_main
                                      000C4H    00000H
                  @@CODE   r_cg_port
                                      000C4H    00000H
                  @@CODE   r_cg_port_user
                                      000C4H    00000H
                  @@CODE   r_cg_systeminit
                                      000C4H    00000H
                  @@CODE   r_cg_tau   000C4H    00000H
                  @@CODE   r_cg_tau_user
                                      000C4H    00000H
                  @@CODE   switch     000C4H    00000H
         ?CSEGSI                      000C4H    0000AH  CSEG
         ?OCDSTAD                     000CEH    0000AH  CSEG
         @@LCODE                      000D8H    000D8H  CSEG BASE
                  @@LCODE  @cstart    000D8H    000ADH
                  @@LCODE  @lmul      00185H    0002BH
         @@BASE                       001B0H    00186H  CSEG BASE
                  @@BASE   lcd_panel
                                      001B0H    00000H
                  @@BASE   r_cg_adc   001B0H    00000H
                  @@BASE   r_cg_adc_user
                                      001B0H    0004BH
                  @@BASE   r_cg_cgc   001FBH    00000H
                  @@BASE   r_cg_cgc_user
                                      001FBH    00000H
                  @@BASE   r_cg_intp
                                      001FBH    00000H
                  @@BASE   r_cg_intp_user
                                      001FBH    00082H
                  @@BASE   r_cg_lcd   0027DH    00000H
                  @@BASE   r_cg_lcd_user
                                      0027DH    00000H
                  @@BASE   r_cg_main
                                      0027DH    00000H
                  @@BASE   r_cg_port
                                      0027DH    00000H
                  @@BASE   r_cg_port_user
                                      0027DH    00000H
                  @@BASE   r_cg_systeminit
                                      0027DH    00000H
                  @@BASE   r_cg_tau   0027DH    00000H
                  @@BASE   r_cg_tau_user
                                      0027DH    000B9H
                  @@BASE   switch     00336H    00000H
         @@CODEL                      00336H    01775H  CSEG
                  @@CODEL  lcd_panel
                                      00336H    010DBH
                  @@CODEL  r_cg_adc   01411H    0005DH
                  @@CODEL  r_cg_adc_user
                                      0146EH    00000H
                  @@CODEL  r_cg_cgc   0146EH    0003DH
                  @@CODEL  r_cg_cgc_user
                                      014ABH    00010H
                  @@CODEL  r_cg_intp
                                      014BBH    00106H
                  @@CODEL  r_cg_intp_user
                                      015C1H    00000H
                  @@CODEL  r_cg_lcd   015C1H    00145H
                  @@CODEL  r_cg_lcd_user
                                      01706H    00000H
                  @@CODEL  r_cg_main
                                      01706H    0002FH
                  @@CODEL  r_cg_port
                                      01735H    0002BH
                  @@CODEL  r_cg_port_user
                                      01760H    00000H
                  @@CODEL  r_cg_systeminit
                                      01760H    0002DH
                  @@CODEL  r_cg_tau   0178DH    0019BH
                  @@CODEL  r_cg_tau_user
                                      01928H    00027H
                  @@CODEL  switch     0194FH    0015CH
         @@LCODEL                     01AABH    00060H  CSEG
                  @@LCODEL @stkinit   01AABH    00044H
                  @@LCODEL exit       01AEFH    0001CH
* gap *                               01B0BH    004F5H
         @@CNST                       02000H    000CAH  CSEG MIRRORP
                  @@CNST   @cstart    02000H    00000H
                  @@CNST   lcd_panel
                                      02000H    000BCH
                  @@CNST   r_cg_adc   020BCH    00000H
                  @@CNST   r_cg_adc_user
                                      020BCH    00000H
                  @@CNST   r_cg_cgc   020BCH    00000H
                  @@CNST   r_cg_cgc_user
                                      020BCH    00000H
                  @@CNST   r_cg_intp
                                      020BCH    00000H
                  @@CNST   r_cg_intp_user
                                      020BCH    00000H
                  @@CNST   r_cg_lcd   020BCH    00000H
                  @@CNST   r_cg_lcd_user
                                      020BCH    00000H
                  @@CNST   r_cg_main
                                      020BCH    0000AH
                  @@CNST   r_cg_port
                                      020C6H    00000H
                  @@CNST   r_cg_port_user
                                      020C6H    00000H
                  @@CNST   r_cg_systeminit
                                      020C6H    00000H
                  @@CNST   r_cg_tau   020C6H    00000H
                  @@CNST   r_cg_tau_user
                                      020C6H    00004H
                  @@CNST   switch     020CAH    00000H
* gap *                               020CAH    0DF36H

  MEMORY=RAM
  BASE ADDRESS=FDF00H   SIZE=02100H
         OUTPUT   INPUT    INPUT      BASE      SIZE
         SEGMENT  SEGMENT  MODULE     ADDRESS
         @@DATA                       FDF00H    00204H  DSEG BASEP
                  @@DATA   @cstart    FDF00H    000BAH
                  @@DATA   lcd_panel
                                      FDFBAH    00144H
                  @@DATA   r_cg_adc   FE0FEH    00000H
                  @@DATA   r_cg_adc_user
                                      FE0FEH    00002H
                  @@DATA   r_cg_cgc   FE100H    00000H
                  @@DATA   r_cg_cgc_user
                                      FE100H    00000H
                  @@DATA   r_cg_intp
                                      FE100H    00000H
                  @@DATA   r_cg_intp_user
                                      FE100H    00000H
                  @@DATA   r_cg_lcd   FE100H    00000H
                  @@DATA   r_cg_lcd_user
                                      FE100H    00000H
                  @@DATA   r_cg_main
                                      FE100H    00000H
                  @@DATA   r_cg_port
                                      FE100H    00000H
                  @@DATA   r_cg_port_user
                                      FE100H    00000H
                  @@DATA   r_cg_systeminit
                                      FE100H    00000H
                  @@DATA   r_cg_tau   FE100H    00000H
                  @@DATA   r_cg_tau_user
                                      FE100H    00004H
                  @@DATA   switch     FE104H    00000H
                  @@DATA   @rom       FE104H    00000H
         @@INIT                       FE104H    0000EH  DSEG BASEP
                  @@INIT   @cstart    FE104H    00000H
                  @@INIT   lcd_panel
                                      FE104H    00000H
                  @@INIT   r_cg_adc   FE104H    00000H
                  @@INIT   r_cg_adc_user
                                      FE104H    00000H
                  @@INIT   r_cg_cgc   FE104H    00000H
                  @@INIT   r_cg_cgc_user
                                      FE104H    00000H
                  @@INIT   r_cg_intp
                                      FE104H    00000H
                  @@INIT   r_cg_intp_user
                                      FE104H    00000H
                  @@INIT   r_cg_lcd   FE104H    00000H
                  @@INIT   r_cg_lcd_user
                                      FE104H    00000H
                  @@INIT   r_cg_main
                                      FE104H    00000H
                  @@INIT   r_cg_port
                                      FE104H    00000H
                  @@INIT   r_cg_port_user
                                      FE104H    00000H
                  @@INIT   r_cg_systeminit
                                      FE104H    00000H
                  @@INIT   r_cg_tau   FE104H    00000H
                  @@INIT   r_cg_tau_user
                                      FE104H    00002H
                  @@INIT   switch     FE106H    0000CH
                  @@INIT   @rom       FE112H    00000H
         @@INIS                       FE112H    00000H  DSEG UNITP
                  @@INIS   @cstart    FE112H    00000H
                  @@INIS   lcd_panel
                                      FE112H    00000H
                  @@INIS   r_cg_adc   FE112H    00000H
                  @@INIS   r_cg_adc_user
                                      FE112H    00000H
                  @@INIS   r_cg_cgc   FE112H    00000H
                  @@INIS   r_cg_cgc_user
                                      FE112H    00000H
                  @@INIS   r_cg_intp
                                      FE112H    00000H
                  @@INIS   r_cg_intp_user
                                      FE112H    00000H
                  @@INIS   r_cg_lcd   FE112H    00000H
                  @@INIS   r_cg_lcd_user
                                      FE112H    00000H
                  @@INIS   r_cg_main
                                      FE112H    00000H
                  @@INIS   r_cg_port
                                      FE112H    00000H
                  @@INIS   r_cg_port_user
                                      FE112H    00000H
                  @@INIS   r_cg_systeminit
                                      FE112H    00000H
                  @@INIS   r_cg_tau   FE112H    00000H
                  @@INIS   r_cg_tau_user
                                      FE112H    00000H
                  @@INIS   switch     FE112H    00000H
                  @@INIS   @rom       FE112H    00000H
         @@DATS                       FE112H    00000H  DSEG UNITP
                  @@DATS   @cstart    FE112H    00000H
                  @@DATS   lcd_panel
                                      FE112H    00000H
                  @@DATS   r_cg_adc   FE112H    00000H
                  @@DATS   r_cg_adc_user
                                      FE112H    00000H
                  @@DATS   r_cg_cgc   FE112H    00000H
                  @@DATS   r_cg_cgc_user
                                      FE112H    00000H
                  @@DATS   r_cg_intp
                                      FE112H    00000H
                  @@DATS   r_cg_intp_user
                                      FE112H    00000H
                  @@DATS   r_cg_lcd   FE112H    00000H
                  @@DATS   r_cg_lcd_user
                                      FE112H    00000H
                  @@DATS   r_cg_main
                                      FE112H    00000H
                  @@DATS   r_cg_port
                                      FE112H    00000H
                  @@DATS   r_cg_port_user
                                      FE112H    00000H
                  @@DATS   r_cg_systeminit
                                      FE112H    00000H
                  @@DATS   r_cg_tau   FE112H    00000H
                  @@DATS   r_cg_tau_user
                                      FE112H    00000H
                  @@DATS   switch     FE112H    00000H
                  @@DATS   @rom       FE112H    00000H
         @@INITL                      FE112H    00000H  DSEG UNIT64KP
                  @@INITL  @cstart    FE112H    00000H
                  @@INITL  lcd_panel
                                      FE112H    00000H
                  @@INITL  r_cg_adc   FE112H    00000H
                  @@INITL  r_cg_adc_user
                                      FE112H    00000H
                  @@INITL  r_cg_cgc   FE112H    00000H
                  @@INITL  r_cg_cgc_user
                                      FE112H    00000H
                  @@INITL  r_cg_intp
                                      FE112H    00000H
                  @@INITL  r_cg_intp_user
                                      FE112H    00000H
                  @@INITL  r_cg_lcd   FE112H    00000H
                  @@INITL  r_cg_lcd_user
                                      FE112H    00000H
                  @@INITL  r_cg_main
                                      FE112H    00000H
                  @@INITL  r_cg_port
                                      FE112H    00000H
                  @@INITL  r_cg_port_user
                                      FE112H    00000H
                  @@INITL  r_cg_systeminit
                                      FE112H    00000H
                  @@INITL  r_cg_tau   FE112H    00000H
                  @@INITL  r_cg_tau_user
                                      FE112H    00000H
                  @@INITL  switch     FE112H    00000H
                  @@INITL  @rom       FE112H    00000H
         @@DATAL                      FE112H    00000H  DSEG UNIT64KP
                  @@DATAL  @cstart    FE112H    00000H
                  @@DATAL  lcd_panel
                                      FE112H    00000H
                  @@DATAL  r_cg_adc   FE112H    00000H
                  @@DATAL  r_cg_adc_user
                                      FE112H    00000H
                  @@DATAL  r_cg_cgc   FE112H    00000H
                  @@DATAL  r_cg_cgc_user
                                      FE112H    00000H
                  @@DATAL  r_cg_intp
                                      FE112H    00000H
                  @@DATAL  r_cg_intp_user
                                      FE112H    00000H
                  @@DATAL  r_cg_lcd   FE112H    00000H
                  @@DATAL  r_cg_lcd_user
                                      FE112H    00000H
                  @@DATAL  r_cg_main
                                      FE112H    00000H
                  @@DATAL  r_cg_port
                                      FE112H    00000H
                  @@DATAL  r_cg_port_user
                                      FE112H    00000H
                  @@DATAL  r_cg_systeminit
                                      FE112H    00000H
                  @@DATAL  r_cg_tau   FE112H    00000H
                  @@DATAL  r_cg_tau_user
                                      FE112H    00000H
                  @@DATAL  switch     FE112H    00000H
                  @@DATAL  @rom       FE112H    00000H
         @@BITS                       FE112H    00000H  BSEG
                  @@BITS   @cstart    FE112H.0  00000H.0
                  @@BITS   lcd_panel
                                      FE112H.0  00000H.0
                  @@BITS   r_cg_adc   FE112H.0  00000H.0
                  @@BITS   r_cg_adc_user
                                      FE112H.0  00000H.0
                  @@BITS   r_cg_cgc   FE112H.0  00000H.0
                  @@BITS   r_cg_cgc_user
                                      FE112H.0  00000H.0
                  @@BITS   r_cg_intp
                                      FE112H.0  00000H.0
                  @@BITS   r_cg_intp_user
                                      FE112H.0  00000H.0
                  @@BITS   r_cg_lcd   FE112H.0  00000H.0
                  @@BITS   r_cg_lcd_user
                                      FE112H.0  00000H.0
                  @@BITS   r_cg_main
                                      FE112H.0  00000H.0
                  @@BITS   r_cg_port
                                      FE112H.0  00000H.0
                  @@BITS   r_cg_port_user
                                      FE112H.0  00000H.0
                  @@BITS   r_cg_systeminit
                                      FE112H.0  00000H.0
                  @@BITS   r_cg_tau   FE112H.0  00000H.0
                  @@BITS   r_cg_tau_user
                                      FE112H.0  00000H.0
                  @@BITS   switch     FE112H.0  00000H.0
* gap *                               FE112H    01DC2H
         @@SEGREG                     FFED4H    00004H  DSEG AT
                  @@SEGREG @SEGREG    FFED4H    00004H
         @@RTARG0                     FFED8H    00008H  DSEG AT
                  @@RTARG0 @RTARG0    FFED8H    00008H
* gap *                               FFEE0H    00020H
* gap (Not Free Area) *               FFF00H    00100H


 Target chip : R5F10WMG
 Device file : V1.00
